// Jest Snapshot v1, https://goo.gl/fbAQLP

exports[`NotFound page should be render snapshot NotFound page 1`] = `
<div
  className="container"
>
  <div
    className="row"
  >
    <div
      className="col-md-12"
    >
      <div
        className="notfound"
      >
        <h1>
          Oops!
        </h1>
        <h2>
          404 Not Found
        </h2>
        <div
          className="notfound__details"
        >
          <p>
            Sorry, an error has occured, Requested page not found!
          </p>
        </div>
        <div
          className="notfound__actions"
        >
          <a
            className="btn btn-primary btn-lg"
            href="/"
          >
            <span
              className="glyphicon glyphicon-home"
            />
            Take Me Home
          </a>
        </div>
      </div>
    </div>
  </div>
</div>
`;
